[INFO] Scanning for projects...
[INFO] 
[INFO] --------------------< com.comercialmoises:backend >---------------------
[INFO] Building ComercialMoises 0.0.1-SNAPSHOT
[INFO]   from pom.xml
[INFO] --------------------------------[ jar ]---------------------------------
[INFO] 
[INFO] --- clean:3.3.2:clean (default-clean) @ backend ---
[INFO] Deleting C:\Users\Anderson\Desktop\ComercialMoises\demo\target
[INFO] 
[INFO] --- resources:3.3.1:resources (default-resources) @ backend ---
[INFO] Copying 1 resource from src\main\resources to target\classes
[INFO] Copying 0 resource from src\main\resources to target\classes
[INFO] 
[INFO] --- compiler:3.11.0:compile (default-compile) @ backend ---
[INFO] Changes detected - recompiling the module! :source
[INFO] Compiling 75 source files with javac [debug release 21] to target\classes
[INFO] -------------------------------------------------------------
[ERROR] COMPILATION ERROR : 
[INFO] -------------------------------------------------------------
[ERROR] /C:/Users/Anderson/Desktop/ComercialMoises/demo/src/main/java/com/comercialmoises/security/CustomUserDetailsService.java:[25,21] cannot find symbol
  symbol:   method getEstado()
  location: variable usuario of type com.comercialmoises.model.Usuario
[ERROR] /C:/Users/Anderson/Desktop/ComercialMoises/demo/src/main/java/com/comercialmoises/security/CustomUserDetailsService.java:[30,24] cannot find symbol
  symbol:   method getUsername()
  location: variable usuario of type com.comercialmoises.model.Usuario
[ERROR] /C:/Users/Anderson/Desktop/ComercialMoises/demo/src/main/java/com/comercialmoises/security/CustomUserDetailsService.java:[31,24] cannot find symbol
  symbol:   method getPasswordHash()
  location: variable usuario of type com.comercialmoises.model.Usuario
[ERROR] /C:/Users/Anderson/Desktop/ComercialMoises/demo/src/main/java/com/comercialmoises/security/CustomUserDetailsService.java:[33,69] cannot find symbol
  symbol:   method getRol()
  location: variable usuario of type com.comercialmoises.model.Usuario
[ERROR] /C:/Users/Anderson/Desktop/ComercialMoises/demo/src/main/java/com/comercialmoises/mappers/ProductoMapper.java:[25,25] cannot find symbol
  symbol:   method getEstado()
  location: variable producto of type com.comercialmoises.model.Producto
[ERROR] /C:/Users/Anderson/Desktop/ComercialMoises/demo/src/main/java/com/comercialmoises/mappers/ProductoMapper.java:[24,25] cannot find symbol
  symbol:   method getUnidadMedida()
  location: variable producto of type com.comercialmoises.model.Producto
[ERROR] /C:/Users/Anderson/Desktop/ComercialMoises/demo/src/main/java/com/comercialmoises/mappers/ProductoMapper.java:[23,25] cannot find symbol
  symbol:   method getStockMinimo()
  location: variable producto of type com.comercialmoises.model.Producto
[ERROR] /C:/Users/Anderson/Desktop/ComercialMoises/demo/src/main/java/com/comercialmoises/mappers/ProductoMapper.java:[22,25] cannot find symbol
  symbol:   method getStockActual()
  location: variable producto of type com.comercialmoises.model.Producto
[ERROR] /C:/Users/Anderson/Desktop/ComercialMoises/demo/src/main/java/com/comercialmoises/mappers/ProductoMapper.java:[21,25] cannot find symbol
  symbol:   method getPrecioVenta()
  location: variable producto of type com.comercialmoises.model.Producto
[ERROR] /C:/Users/Anderson/Desktop/ComercialMoises/demo/src/main/java/com/comercialmoises/mappers/ProductoMapper.java:[20,25] cannot find symbol
  symbol:   method getPrecioCompra()
  location: variable producto of type com.comercialmoises.model.Producto
[ERROR] /C:/Users/Anderson/Desktop/ComercialMoises/demo/src/main/java/com/comercialmoises/mappers/ProductoMapper.java:[19,25] cannot find symbol
  symbol:   method getDescripcion()
  location: variable producto of type com.comercialmoises.model.Producto
[ERROR] /C:/Users/Anderson/Desktop/ComercialMoises/demo/src/main/java/com/comercialmoises/mappers/ProductoMapper.java:[18,25] cannot find symbol
  symbol:   method getNombreProducto()
  location: variable producto of type com.comercialmoises.model.Producto
[ERROR] /C:/Users/Anderson/Desktop/ComercialMoises/demo/src/main/java/com/comercialmoises/mappers/ProductoMapper.java:[17,25] cannot find symbol
  symbol:   method getCodigo()
  location: variable producto of type com.comercialmoises.model.Producto
[ERROR] /C:/Users/Anderson/Desktop/ComercialMoises/demo/src/main/java/com/comercialmoises/mappers/ProductoMapper.java:[16,25] cannot find symbol
  symbol:   method getCategoria()
  location: variable producto of type com.comercialmoises.model.Producto
[ERROR] /C:/Users/Anderson/Desktop/ComercialMoises/demo/src/main/java/com/comercialmoises/mappers/ProductoMapper.java:[16,59] cannot find symbol
  symbol:   method getCategoria()
  location: variable producto of type com.comercialmoises.model.Producto
[ERROR] /C:/Users/Anderson/Desktop/ComercialMoises/demo/src/main/java/com/comercialmoises/mappers/ProductoMapper.java:[15,25] cannot find symbol
  symbol:   method getCategoria()
  location: variable producto of type com.comercialmoises.model.Producto
[ERROR] /C:/Users/Anderson/Desktop/ComercialMoises/demo/src/main/java/com/comercialmoises/mappers/ProductoMapper.java:[15,59] cannot find symbol
  symbol:   method getCategoria()
  location: variable producto of type com.comercialmoises.model.Producto
[ERROR] /C:/Users/Anderson/Desktop/ComercialMoises/demo/src/main/java/com/comercialmoises/mappers/ProductoMapper.java:[14,25] cannot find symbol
  symbol:   method getIdProducto()
  location: variable producto of type com.comercialmoises.model.Producto
[ERROR] /C:/Users/Anderson/Desktop/ComercialMoises/demo/src/main/java/com/comercialmoises/mappers/ProductoMapper.java:[32,35] cannot find symbol
  symbol:   method getIdProducto()
  location: variable dto of type com.comercialmoises.dto.ProductoDTO
[ERROR] /C:/Users/Anderson/Desktop/ComercialMoises/demo/src/main/java/com/comercialmoises/mappers/ProductoMapper.java:[33,31] cannot find symbol
  symbol:   method getCodigo()
  location: variable dto of type com.comercialmoises.dto.ProductoDTO
[ERROR] /C:/Users/Anderson/Desktop/ComercialMoises/demo/src/main/java/com/comercialmoises/mappers/ProductoMapper.java:[34,39] cannot find symbol
  symbol:   method getNombreProducto()
  location: variable dto of type com.comercialmoises.dto.ProductoDTO
[ERROR] /C:/Users/Anderson/Desktop/ComercialMoises/demo/src/main/java/com/comercialmoises/mappers/ProductoMapper.java:[35,36] cannot find symbol
  symbol:   method getDescripcion()
  location: variable dto of type com.comercialmoises.dto.ProductoDTO
[ERROR] /C:/Users/Anderson/Desktop/ComercialMoises/demo/src/main/java/com/comercialmoises/mappers/ProductoMapper.java:[36,37] cannot find symbol
  symbol:   method getPrecioCompra()
  location: variable dto of type com.comercialmoises.dto.ProductoDTO
[ERROR] /C:/Users/Anderson/Desktop/ComercialMoises/demo/src/main/java/com/comercialmoises/mappers/ProductoMapper.java:[37,36] cannot find symbol
  symbol:   method getPrecioVenta()
  location: variable dto of type com.comercialmoises.dto.ProductoDTO
[ERROR] /C:/Users/Anderson/Desktop/ComercialMoises/demo/src/main/java/com/comercialmoises/mappers/ProductoMapper.java:[38,36] cannot find symbol
  symbol:   method getStockActual()
  location: variable dto of type com.comercialmoises.dto.ProductoDTO
[ERROR] /C:/Users/Anderson/Desktop/ComercialMoises/demo/src/main/java/com/comercialmoises/mappers/ProductoMapper.java:[39,36] cannot find symbol
  symbol:   method getStockMinimo()
  location: variable dto of type com.comercialmoises.dto.ProductoDTO
[ERROR] /C:/Users/Anderson/Desktop/ComercialMoises/demo/src/main/java/com/comercialmoises/mappers/ProductoMapper.java:[40,37] cannot find symbol
  symbol:   method getUnidadMedida()
  location: variable dto of type com.comercialmoises.dto.ProductoDTO
[ERROR] /C:/Users/Anderson/Desktop/ComercialMoises/demo/src/main/java/com/comercialmoises/mappers/ProductoMapper.java:[41,31] cannot find symbol
  symbol:   method getEstado()
  location: variable dto of type com.comercialmoises.dto.ProductoDTO
[ERROR] /C:/Users/Anderson/Desktop/ComercialMoises/demo/src/main/java/com/comercialmoises/mappers/ProductoMapper.java:[42,16] cannot find symbol
  symbol:   method getIdCategoria()
  location: variable dto of type com.comercialmoises.dto.ProductoDTO
[ERROR] /C:/Users/Anderson/Desktop/ComercialMoises/demo/src/main/java/com/comercialmoises/mappers/ProductoMapper.java:[44,35] cannot find symbol
  symbol:   method getIdCategoria()
  location: variable dto of type com.comercialmoises.dto.ProductoDTO
[ERROR] /C:/Users/Anderson/Desktop/ComercialMoises/demo/src/main/java/com/comercialmoises/mappers/ProductoMapper.java:[45,21] cannot find symbol
  symbol:   method setCategoria(com.comercialmoises.model.Categoria)
  location: variable producto of type com.comercialmoises.model.Producto
[ERROR] /C:/Users/Anderson/Desktop/ComercialMoises/demo/src/main/java/com/comercialmoises/mappers/RolMapper.java:[12,88] cannot find symbol
  symbol:   method getEstado()
  location: variable rol of type com.comercialmoises.model.Rol
[ERROR] /C:/Users/Anderson/Desktop/ComercialMoises/demo/src/main/java/com/comercialmoises/mappers/RolMapper.java:[12,66] cannot find symbol
  symbol:   method getDescripcion()
  location: variable rol of type com.comercialmoises.model.Rol
[ERROR] /C:/Users/Anderson/Desktop/ComercialMoises/demo/src/main/java/com/comercialmoises/mappers/RolMapper.java:[12,46] cannot find symbol
  symbol:   method getNombreRol()
  location: variable rol of type com.comercialmoises.model.Rol
[ERROR] /C:/Users/Anderson/Desktop/ComercialMoises/demo/src/main/java/com/comercialmoises/mappers/RolMapper.java:[12,30] cannot find symbol
  symbol:   method getIdRol()
  location: variable rol of type com.comercialmoises.model.Rol
[ERROR] /C:/Users/Anderson/Desktop/ComercialMoises/demo/src/main/java/com/comercialmoises/mappers/RolMapper.java:[18,85] cannot find symbol
  symbol:   method getEstado()
  location: variable dto of type com.comercialmoises.dto.RolDTO
[ERROR] /C:/Users/Anderson/Desktop/ComercialMoises/demo/src/main/java/com/comercialmoises/mappers/RolMapper.java:[18,63] cannot find symbol
  symbol:   method getDescripcion()
  location: variable dto of type com.comercialmoises.dto.RolDTO
[ERROR] /C:/Users/Anderson/Desktop/ComercialMoises/demo/src/main/java/com/comercialmoises/mappers/RolMapper.java:[18,43] cannot find symbol
  symbol:   method getNombreRol()
  location: variable dto of type com.comercialmoises.dto.RolDTO
[ERROR] /C:/Users/Anderson/Desktop/ComercialMoises/demo/src/main/java/com/comercialmoises/mappers/RolMapper.java:[18,27] cannot find symbol
  symbol:   method getIdRol()
  location: variable dto of type com.comercialmoises.dto.RolDTO
[ERROR] /C:/Users/Anderson/Desktop/ComercialMoises/demo/src/main/java/com/comercialmoises/services/impl/CompraServiceImpl.java:[52,32] cannot find symbol
  symbol:   method getIdProveedor()
  location: variable dto of type com.comercialmoises.dto.CompraDTO
[ERROR] /C:/Users/Anderson/Desktop/ComercialMoises/demo/src/main/java/com/comercialmoises/services/impl/CompraServiceImpl.java:[53,15] cannot find symbol
  symbol:   method setProveedor(com.comercialmoises.model.Proveedor)
  location: variable compra of type com.comercialmoises.model.Compra
[ERROR] /C:/Users/Anderson/Desktop/ComercialMoises/demo/src/main/java/com/comercialmoises/services/impl/CompraServiceImpl.java:[55,29] cannot find symbol
  symbol:   method getIdUsuario()
  location: variable dto of type com.comercialmoises.dto.CompraDTO
[ERROR] /C:/Users/Anderson/Desktop/ComercialMoises/demo/src/main/java/com/comercialmoises/services/impl/CompraServiceImpl.java:[56,15] cannot find symbol
  symbol:   method setUsuario(com.comercialmoises.model.Usuario)
  location: variable compra of type com.comercialmoises.model.Compra
[ERROR] /C:/Users/Anderson/Desktop/ComercialMoises/demo/src/main/java/com/comercialmoises/services/impl/CompraServiceImpl.java:[57,38] cannot find symbol
  symbol:   method getTipoComprobante()
  location: variable dto of type com.comercialmoises.dto.CompraDTO
[ERROR] /C:/Users/Anderson/Desktop/ComercialMoises/demo/src/main/java/com/comercialmoises/services/impl/CompraServiceImpl.java:[58,28] cannot find symbol
  symbol:   method getSerie()
  location: variable dto of type com.comercialmoises.dto.CompraDTO
[ERROR] /C:/Users/Anderson/Desktop/ComercialMoises/demo/src/main/java/com/comercialmoises/services/impl/CompraServiceImpl.java:[59,40] cannot find symbol
  symbol:   method getNumeroComprobante()
  location: variable dto of type com.comercialmoises.dto.CompraDTO
[ERROR] /C:/Users/Anderson/Desktop/ComercialMoises/demo/src/main/java/com/comercialmoises/services/impl/CompraServiceImpl.java:[60,28] cannot find symbol
  symbol:   method getTotal()
  location: variable dto of type com.comercialmoises.dto.CompraDTO
[ERROR] /C:/Users/Anderson/Desktop/ComercialMoises/demo/src/main/java/com/comercialmoises/services/impl/CompraServiceImpl.java:[64,38] cannot find symbol
  symbol:   method getDetalles()
  location: variable dto of type com.comercialmoises.dto.CompraDTO
[ERROR] /C:/Users/Anderson/Desktop/ComercialMoises/demo/src/main/java/com/comercialmoises/services/impl/CompraServiceImpl.java:[66,19] cannot find symbol
  symbol:   method setCompra(com.comercialmoises.model.Compra)
  location: variable detail of type com.comercialmoises.model.DetalleCompra
[ERROR] /C:/Users/Anderson/Desktop/ComercialMoises/demo/src/main/java/com/comercialmoises/services/impl/CompraServiceImpl.java:[67,58] cannot find symbol
  symbol:   method getIdProducto()
  location: variable d of type com.comercialmoises.dto.DetalleCompraDTO
[ERROR] /C:/Users/Anderson/Desktop/ComercialMoises/demo/src/main/java/com/comercialmoises/services/impl/CompraServiceImpl.java:[69,19] cannot find symbol
  symbol:   method setProducto(com.comercialmoises.model.Producto)
  location: variable detail of type com.comercialmoises.model.DetalleCompra
[ERROR] /C:/Users/Anderson/Desktop/ComercialMoises/demo/src/main/java/com/comercialmoises/services/impl/CompraServiceImpl.java:[70,33] cannot find symbol
  symbol:   method getCantidad()
  location: variable d of type com.comercialmoises.dto.DetalleCompraDTO
[ERROR] /C:/Users/Anderson/Desktop/ComercialMoises/demo/src/main/java/com/comercialmoises/services/impl/CompraServiceImpl.java:[71,39] cannot find symbol
  symbol:   method getPrecioUnitario()
  location: variable d of type com.comercialmoises.dto.DetalleCompraDTO
[ERROR] /C:/Users/Anderson/Desktop/ComercialMoises/demo/src/main/java/com/comercialmoises/services/impl/CompraServiceImpl.java:[72,32] cannot find symbol
  symbol:   method getImporte()
  location: variable d of type com.comercialmoises.dto.DetalleCompraDTO
[ERROR] /C:/Users/Anderson/Desktop/ComercialMoises/demo/src/main/java/com/comercialmoises/services/impl/CompraServiceImpl.java:[76,37] cannot find symbol
  symbol:   method getStockActual()
  location: variable prod of type com.comercialmoises.model.Producto
[ERROR] /C:/Users/Anderson/Desktop/ComercialMoises/demo/src/main/java/com/comercialmoises/services/impl/CompraServiceImpl.java:[76,58] cannot find symbol
  symbol:   method getCantidad()
  location: variable d of type com.comercialmoises.dto.DetalleCompraDTO
[ERROR] /C:/Users/Anderson/Desktop/ComercialMoises/demo/src/main/java/com/comercialmoises/mappers/CompraMapper.java:[20,31] cannot find symbol
  symbol:   method getIdCompra()
  location: variable compra of type com.comercialmoises.model.Compra
[ERROR] /C:/Users/Anderson/Desktop/ComercialMoises/demo/src/main/java/com/comercialmoises/mappers/CompraMapper.java:[21,34] cannot find symbol
  symbol:   method getProveedor()
  location: variable compra of type com.comercialmoises.model.Compra
[ERROR] /C:/Users/Anderson/Desktop/ComercialMoises/demo/src/main/java/com/comercialmoises/mappers/CompraMapper.java:[22,43] cannot find symbol
  symbol:   method getProveedor()
  location: variable compra of type com.comercialmoises.model.Compra
[ERROR] /C:/Users/Anderson/Desktop/ComercialMoises/demo/src/main/java/com/comercialmoises/mappers/CompraMapper.java:[23,32] cannot find symbol
  symbol:   method getUsuario()
  location: variable compra of type com.comercialmoises.model.Compra
[ERROR] /C:/Users/Anderson/Desktop/ComercialMoises/demo/src/main/java/com/comercialmoises/mappers/CompraMapper.java:[24,36] cannot find symbol
  symbol:   method getUsuario()
  location: variable compra of type com.comercialmoises.model.Compra
[ERROR] /C:/Users/Anderson/Desktop/ComercialMoises/demo/src/main/java/com/comercialmoises/mappers/CompraMapper.java:[24,77] cannot find symbol
  symbol:   method getUsuario()
  location: variable compra of type com.comercialmoises.model.Compra
[ERROR] /C:/Users/Anderson/Desktop/ComercialMoises/demo/src/main/java/com/comercialmoises/mappers/CompraMapper.java:[25,34] cannot find symbol
  symbol:   method getFechaCompra()
  location: variable compra of type com.comercialmoises.model.Compra
[ERROR] /C:/Users/Anderson/Desktop/ComercialMoises/demo/src/main/java/com/comercialmoises/mappers/CompraMapper.java:[26,38] cannot find symbol
  symbol:   method getTipoComprobante()
  location: variable compra of type com.comercialmoises.model.Compra
[ERROR] /C:/Users/Anderson/Desktop/ComercialMoises/demo/src/main/java/com/comercialmoises/mappers/CompraMapper.java:[27,28] cannot find symbol
  symbol:   method getSerie()
  location: variable compra of type com.comercialmoises.model.Compra
[ERROR] /C:/Users/Anderson/Desktop/ComercialMoises/demo/src/main/java/com/comercialmoises/mappers/CompraMapper.java:[28,40] cannot find symbol
  symbol:   method getNumeroComprobante()
  location: variable compra of type com.comercialmoises.model.Compra
[ERROR] /C:/Users/Anderson/Desktop/ComercialMoises/demo/src/main/java/com/comercialmoises/mappers/CompraMapper.java:[29,31] cannot find symbol
  symbol:   method getSubTotal()
  location: variable compra of type com.comercialmoises.model.Compra
[ERROR] /C:/Users/Anderson/Desktop/ComercialMoises/demo/src/main/java/com/comercialmoises/mappers/CompraMapper.java:[30,26] cannot find symbol
  symbol:   method getIgv()
  location: variable compra of type com.comercialmoises.model.Compra
[ERROR] /C:/Users/Anderson/Desktop/ComercialMoises/demo/src/main/java/com/comercialmoises/mappers/CompraMapper.java:[31,28] cannot find symbol
  symbol:   method getTotal()
  location: variable compra of type com.comercialmoises.model.Compra
[ERROR] /C:/Users/Anderson/Desktop/ComercialMoises/demo/src/main/java/com/comercialmoises/mappers/CompraMapper.java:[32,29] cannot find symbol
  symbol:   method getEstado()
  location: variable compra of type com.comercialmoises.model.Compra
[ERROR] /C:/Users/Anderson/Desktop/ComercialMoises/demo/src/main/java/com/comercialmoises/mappers/CompraMapper.java:[45,24] cannot find symbol
  symbol:   method getImporte()
  location: variable detalle of type com.comercialmoises.model.DetalleCompra
[ERROR] /C:/Users/Anderson/Desktop/ComercialMoises/demo/src/main/java/com/comercialmoises/mappers/CompraMapper.java:[44,24] cannot find symbol
  symbol:   method getPrecioUnitario()
  location: variable detalle of type com.comercialmoises.model.DetalleCompra
[ERROR] /C:/Users/Anderson/Desktop/ComercialMoises/demo/src/main/java/com/comercialmoises/mappers/CompraMapper.java:[43,24] cannot find symbol
  symbol:   method getCantidad()
  location: variable detalle of type com.comercialmoises.model.DetalleCompra
[ERROR] /C:/Users/Anderson/Desktop/ComercialMoises/demo/src/main/java/com/comercialmoises/mappers/CompraMapper.java:[42,24] cannot find symbol
  symbol:   method getProducto()
  location: variable detalle of type com.comercialmoises.model.DetalleCompra
[ERROR] /C:/Users/Anderson/Desktop/ComercialMoises/demo/src/main/java/com/comercialmoises/mappers/CompraMapper.java:[41,24] cannot find symbol
  symbol:   method getProducto()
  location: variable detalle of type com.comercialmoises.model.DetalleCompra
[ERROR] /C:/Users/Anderson/Desktop/ComercialMoises/demo/src/main/java/com/comercialmoises/mappers/CompraMapper.java:[40,24] cannot find symbol
  symbol:   method getIdDetalleCompra()
  location: variable detalle of type com.comercialmoises.model.DetalleCompra
[ERROR] /C:/Users/Anderson/Desktop/ComercialMoises/demo/src/main/java/com/comercialmoises/services/impl/VentaServiceImpl.java:[47,29] cannot find symbol
  symbol:   method getIdCliente()
  location: variable dto of type com.comercialmoises.dto.VentaDTO
[ERROR] /C:/Users/Anderson/Desktop/ComercialMoises/demo/src/main/java/com/comercialmoises/services/impl/VentaServiceImpl.java:[48,14] cannot find symbol
  symbol:   method setCliente(com.comercialmoises.model.Cliente)
  location: variable venta of type com.comercialmoises.model.Venta
[ERROR] /C:/Users/Anderson/Desktop/ComercialMoises/demo/src/main/java/com/comercialmoises/services/impl/VentaServiceImpl.java:[50,29] cannot find symbol
  symbol:   method getIdUsuario()
  location: variable dto of type com.comercialmoises.dto.VentaDTO
[ERROR] /C:/Users/Anderson/Desktop/ComercialMoises/demo/src/main/java/com/comercialmoises/services/impl/VentaServiceImpl.java:[51,14] cannot find symbol
  symbol:   method setUsuario(com.comercialmoises.model.Usuario)
  location: variable venta of type com.comercialmoises.model.Venta
[ERROR] /C:/Users/Anderson/Desktop/ComercialMoises/demo/src/main/java/com/comercialmoises/services/impl/VentaServiceImpl.java:[52,37] cannot find symbol
  symbol:   method getTipoComprobante()
  location: variable dto of type com.comercialmoises.dto.VentaDTO
[ERROR] /C:/Users/Anderson/Desktop/ComercialMoises/demo/src/main/java/com/comercialmoises/services/impl/VentaServiceImpl.java:[53,27] cannot find symbol
  symbol:   method getSerie()
  location: variable dto of type com.comercialmoises.dto.VentaDTO
[ERROR] /C:/Users/Anderson/Desktop/ComercialMoises/demo/src/main/java/com/comercialmoises/services/impl/VentaServiceImpl.java:[54,39] cannot find symbol
  symbol:   method getNumeroComprobante()
  location: variable dto of type com.comercialmoises.dto.VentaDTO
[ERROR] /C:/Users/Anderson/Desktop/ComercialMoises/demo/src/main/java/com/comercialmoises/services/impl/VentaServiceImpl.java:[55,27] cannot find symbol
  symbol:   method getTotal()
  location: variable dto of type com.comercialmoises.dto.VentaDTO
[ERROR] /C:/Users/Anderson/Desktop/ComercialMoises/demo/src/main/java/com/comercialmoises/services/impl/VentaServiceImpl.java:[59,37] cannot find symbol
  symbol:   method getDetalles()
  location: variable dto of type com.comercialmoises.dto.VentaDTO
[ERROR] /C:/Users/Anderson/Desktop/ComercialMoises/demo/src/main/java/com/comercialmoises/services/impl/VentaServiceImpl.java:[61,19] cannot find symbol
  symbol:   method setVenta(com.comercialmoises.model.Venta)
  location: variable detail of type com.comercialmoises.model.DetalleVenta
[ERROR] /C:/Users/Anderson/Desktop/ComercialMoises/demo/src/main/java/com/comercialmoises/services/impl/VentaServiceImpl.java:[62,58] cannot find symbol
  symbol:   method getIdProducto()
  location: variable d of type com.comercialmoises.dto.DetalleVentaDTO
[ERROR] /C:/Users/Anderson/Desktop/ComercialMoises/demo/src/main/java/com/comercialmoises/services/impl/VentaServiceImpl.java:[64,19] cannot find symbol
  symbol:   method setProducto(com.comercialmoises.model.Producto)
  location: variable detail of type com.comercialmoises.model.DetalleVenta
[ERROR] /C:/Users/Anderson/Desktop/ComercialMoises/demo/src/main/java/com/comercialmoises/services/impl/VentaServiceImpl.java:[65,33] cannot find symbol
  symbol:   method getCantidad()
  location: variable d of type com.comercialmoises.dto.DetalleVentaDTO
[ERROR] /C:/Users/Anderson/Desktop/ComercialMoises/demo/src/main/java/com/comercialmoises/services/impl/VentaServiceImpl.java:[66,39] cannot find symbol
  symbol:   method getPrecioUnitario()
  location: variable d of type com.comercialmoises.dto.DetalleVentaDTO
[ERROR] /C:/Users/Anderson/Desktop/ComercialMoises/demo/src/main/java/com/comercialmoises/services/impl/VentaServiceImpl.java:[67,32] cannot find symbol
  symbol:   method getImporte()
  location: variable d of type com.comercialmoises.dto.DetalleVentaDTO
[ERROR] /C:/Users/Anderson/Desktop/ComercialMoises/demo/src/main/java/com/comercialmoises/services/impl/VentaServiceImpl.java:[71,37] cannot find symbol
  symbol:   method getStockActual()
  location: variable prod of type com.comercialmoises.model.Producto
[ERROR] /C:/Users/Anderson/Desktop/ComercialMoises/demo/src/main/java/com/comercialmoises/services/impl/VentaServiceImpl.java:[71,58] cannot find symbol
  symbol:   method getCantidad()
  location: variable d of type com.comercialmoises.dto.DetalleVentaDTO
[ERROR] /C:/Users/Anderson/Desktop/ComercialMoises/demo/src/main/java/com/comercialmoises/mappers/VentaMapper.java:[20,29] cannot find symbol
  symbol:   method getIdVenta()
  location: variable venta of type com.comercialmoises.model.Venta
[ERROR] /C:/Users/Anderson/Desktop/ComercialMoises/demo/src/main/java/com/comercialmoises/mappers/VentaMapper.java:[21,31] cannot find symbol
  symbol:   method getCliente()
  location: variable venta of type com.comercialmoises.model.Venta
[ERROR] /C:/Users/Anderson/Desktop/ComercialMoises/demo/src/main/java/com/comercialmoises/mappers/VentaMapper.java:[22,12] cannot find symbol
  symbol:   method setNombreCliente(venta.getC[...]ial())
  location: variable dto of type com.comercialmoises.dto.VentaDTO
[ERROR] /C:/Users/Anderson/Desktop/ComercialMoises/demo/src/main/java/com/comercialmoises/mappers/VentaMapper.java:[22,35] cannot find symbol
  symbol:   method getCliente()
  location: variable venta of type com.comercialmoises.model.Venta
[ERROR] /C:/Users/Anderson/Desktop/ComercialMoises/demo/src/main/java/com/comercialmoises/mappers/VentaMapper.java:[23,24] cannot find symbol
  symbol:   method getCliente()
  location: variable venta of type com.comercialmoises.model.Venta
[ERROR] /C:/Users/Anderson/Desktop/ComercialMoises/demo/src/main/java/com/comercialmoises/mappers/VentaMapper.java:[23,64] cannot find symbol
  symbol:   method getCliente()
  location: variable venta of type com.comercialmoises.model.Venta
[ERROR] /C:/Users/Anderson/Desktop/ComercialMoises/demo/src/main/java/com/comercialmoises/mappers/VentaMapper.java:[24,24] cannot find symbol
  symbol:   method getCliente()
  location: variable venta of type com.comercialmoises.model.Venta
[INFO] 100 errors 
[INFO] -------------------------------------------------------------
[INFO] ------------------------------------------------------------------------
[INFO] BUILD FAILURE
[INFO] ------------------------------------------------------------------------
[INFO] Total time:  3.052 s
[INFO] Finished at: 2026-02-18T19:43:01-05:00
[INFO] ------------------------------------------------------------------------
[ERROR] Failed to execute goal org.apache.maven.plugins:maven-compiler-plugin:3.11.0:compile (default-compile) on project backend: Compilation failure: Compilation failure: 
[ERROR] /C:/Users/Anderson/Desktop/ComercialMoises/demo/src/main/java/com/comercialmoises/security/CustomUserDetailsService.java:[25,21] cannot find symbol
[ERROR]   symbol:   method getEstado()
[ERROR]   location: variable usuario of type com.comercialmoises.model.Usuario
[ERROR] /C:/Users/Anderson/Desktop/ComercialMoises/demo/src/main/java/com/comercialmoises/security/CustomUserDetailsService.java:[30,24] cannot find symbol
[ERROR]   symbol:   method getUsername()
[ERROR]   location: variable usuario of type com.comercialmoises.model.Usuario
[ERROR] /C:/Users/Anderson/Desktop/ComercialMoises/demo/src/main/java/com/comercialmoises/security/CustomUserDetailsService.java:[31,24] cannot find symbol
[ERROR]   symbol:   method getPasswordHash()
[ERROR]   location: variable usuario of type com.comercialmoises.model.Usuario
[ERROR] /C:/Users/Anderson/Desktop/ComercialMoises/demo/src/main/java/com/comercialmoises/security/CustomUserDetailsService.java:[33,69] cannot find symbol
[ERROR]   symbol:   method getRol()
[ERROR]   location: variable usuario of type com.comercialmoises.model.Usuario
[ERROR] /C:/Users/Anderson/Desktop/ComercialMoises/demo/src/main/java/com/comercialmoises/mappers/ProductoMapper.java:[25,25] cannot find symbol
[ERROR]   symbol:   method getEstado()
[ERROR]   location: variable producto of type com.comercialmoises.model.Producto
[ERROR] /C:/Users/Anderson/Desktop/ComercialMoises/demo/src/main/java/com/comercialmoises/mappers/ProductoMapper.java:[24,25] cannot find symbol
[ERROR]   symbol:   method getUnidadMedida()
[ERROR]   location: variable producto of type com.comercialmoises.model.Producto
[ERROR] /C:/Users/Anderson/Desktop/ComercialMoises/demo/src/main/java/com/comercialmoises/mappers/ProductoMapper.java:[23,25] cannot find symbol
[ERROR]   symbol:   method getStockMinimo()
[ERROR]   location: variable producto of type com.comercialmoises.model.Producto
[ERROR] /C:/Users/Anderson/Desktop/ComercialMoises/demo/src/main/java/com/comercialmoises/mappers/ProductoMapper.java:[22,25] cannot find symbol
[ERROR]   symbol:   method getStockActual()
[ERROR]   location: variable producto of type com.comercialmoises.model.Producto
[ERROR] /C:/Users/Anderson/Desktop/ComercialMoises/demo/src/main/java/com/comercialmoises/mappers/ProductoMapper.java:[21,25] cannot find symbol
[ERROR]   symbol:   method getPrecioVenta()
[ERROR]   location: variable producto of type com.comercialmoises.model.Producto
[ERROR] /C:/Users/Anderson/Desktop/ComercialMoises/demo/src/main/java/com/comercialmoises/mappers/ProductoMapper.java:[20,25] cannot find symbol
[ERROR]   symbol:   method getPrecioCompra()
[ERROR]   location: variable producto of type com.comercialmoises.model.Producto
[ERROR] /C:/Users/Anderson/Desktop/ComercialMoises/demo/src/main/java/com/comercialmoises/mappers/ProductoMapper.java:[19,25] cannot find symbol
[ERROR]   symbol:   method getDescripcion()
[ERROR]   location: variable producto of type com.comercialmoises.model.Producto
[ERROR] /C:/Users/Anderson/Desktop/ComercialMoises/demo/src/main/java/com/comercialmoises/mappers/ProductoMapper.java:[18,25] cannot find symbol
[ERROR]   symbol:   method getNombreProducto()
[ERROR]   location: variable producto of type com.comercialmoises.model.Producto
[ERROR] /C:/Users/Anderson/Desktop/ComercialMoises/demo/src/main/java/com/comercialmoises/mappers/ProductoMapper.java:[17,25] cannot find symbol
[ERROR]   symbol:   method getCodigo()
[ERROR]   location: variable producto of type com.comercialmoises.model.Producto
[ERROR] /C:/Users/Anderson/Desktop/ComercialMoises/demo/src/main/java/com/comercialmoises/mappers/ProductoMapper.java:[16,25] cannot find symbol
[ERROR]   symbol:   method getCategoria()
[ERROR]   location: variable producto of type com.comercialmoises.model.Producto
[ERROR] /C:/Users/Anderson/Desktop/ComercialMoises/demo/src/main/java/com/comercialmoises/mappers/ProductoMapper.java:[16,59] cannot find symbol
[ERROR]   symbol:   method getCategoria()
[ERROR]   location: variable producto of type com.comercialmoises.model.Producto
[ERROR] /C:/Users/Anderson/Desktop/ComercialMoises/demo/src/main/java/com/comercialmoises/mappers/ProductoMapper.java:[15,25] cannot find symbol
[ERROR]   symbol:   method getCategoria()
[ERROR]   location: variable producto of type com.comercialmoises.model.Producto
[ERROR] /C:/Users/Anderson/Desktop/ComercialMoises/demo/src/main/java/com/comercialmoises/mappers/ProductoMapper.java:[15,59] cannot find symbol
[ERROR]   symbol:   method getCategoria()
[ERROR]   location: variable producto of type com.comercialmoises.model.Producto
[ERROR] /C:/Users/Anderson/Desktop/ComercialMoises/demo/src/main/java/com/comercialmoises/mappers/ProductoMapper.java:[14,25] cannot find symbol
[ERROR]   symbol:   method getIdProducto()
[ERROR]   location: variable producto of type com.comercialmoises.model.Producto
[ERROR] /C:/Users/Anderson/Desktop/ComercialMoises/demo/src/main/java/com/comercialmoises/mappers/ProductoMapper.java:[32,35] cannot find symbol
[ERROR]   symbol:   method getIdProducto()
[ERROR]   location: variable dto of type com.comercialmoises.dto.ProductoDTO
[ERROR] /C:/Users/Anderson/Desktop/ComercialMoises/demo/src/main/java/com/comercialmoises/mappers/ProductoMapper.java:[33,31] cannot find symbol
[ERROR]   symbol:   method getCodigo()
[ERROR]   location: variable dto of type com.comercialmoises.dto.ProductoDTO
[ERROR] /C:/Users/Anderson/Desktop/ComercialMoises/demo/src/main/java/com/comercialmoises/mappers/ProductoMapper.java:[34,39] cannot find symbol
[ERROR]   symbol:   method getNombreProducto()
[ERROR]   location: variable dto of type com.comercialmoises.dto.ProductoDTO
[ERROR] /C:/Users/Anderson/Desktop/ComercialMoises/demo/src/main/java/com/comercialmoises/mappers/ProductoMapper.java:[35,36] cannot find symbol
[ERROR]   symbol:   method getDescripcion()
[ERROR]   location: variable dto of type com.comercialmoises.dto.ProductoDTO
[ERROR] /C:/Users/Anderson/Desktop/ComercialMoises/demo/src/main/java/com/comercialmoises/mappers/ProductoMapper.java:[36,37] cannot find symbol
[ERROR]   symbol:   method getPrecioCompra()
[ERROR]   location: variable dto of type com.comercialmoises.dto.ProductoDTO
[ERROR] /C:/Users/Anderson/Desktop/ComercialMoises/demo/src/main/java/com/comercialmoises/mappers/ProductoMapper.java:[37,36] cannot find symbol
[ERROR]   symbol:   method getPrecioVenta()
[ERROR]   location: variable dto of type com.comercialmoises.dto.ProductoDTO
[ERROR] /C:/Users/Anderson/Desktop/ComercialMoises/demo/src/main/java/com/comercialmoises/mappers/ProductoMapper.java:[38,36] cannot find symbol
[ERROR]   symbol:   method getStockActual()
[ERROR]   location: variable dto of type com.comercialmoises.dto.ProductoDTO
[ERROR] /C:/Users/Anderson/Desktop/ComercialMoises/demo/src/main/java/com/comercialmoises/mappers/ProductoMapper.java:[39,36] cannot find symbol
[ERROR]   symbol:   method getStockMinimo()
[ERROR]   location: variable dto of type com.comercialmoises.dto.ProductoDTO
[ERROR] /C:/Users/Anderson/Desktop/ComercialMoises/demo/src/main/java/com/comercialmoises/mappers/ProductoMapper.java:[40,37] cannot find symbol
[ERROR]   symbol:   method getUnidadMedida()
[ERROR]   location: variable dto of type com.comercialmoises.dto.ProductoDTO
[ERROR] /C:/Users/Anderson/Desktop/ComercialMoises/demo/src/main/java/com/comercialmoises/mappers/ProductoMapper.java:[41,31] cannot find symbol
[ERROR]   symbol:   method getEstado()
[ERROR]   location: variable dto of type com.comercialmoises.dto.ProductoDTO
[ERROR] /C:/Users/Anderson/Desktop/ComercialMoises/demo/src/main/java/com/comercialmoises/mappers/ProductoMapper.java:[42,16] cannot find symbol
[ERROR]   symbol:   method getIdCategoria()
[ERROR]   location: variable dto of type com.comercialmoises.dto.ProductoDTO
[ERROR] /C:/Users/Anderson/Desktop/ComercialMoises/demo/src/main/java/com/comercialmoises/mappers/ProductoMapper.java:[44,35] cannot find symbol
[ERROR]   symbol:   method getIdCategoria()
[ERROR]   location: variable dto of type com.comercialmoises.dto.ProductoDTO
[ERROR] /C:/Users/Anderson/Desktop/ComercialMoises/demo/src/main/java/com/comercialmoises/mappers/ProductoMapper.java:[45,21] cannot find symbol
[ERROR]   symbol:   method setCategoria(com.comercialmoises.model.Categoria)
[ERROR]   location: variable producto of type com.comercialmoises.model.Producto
[ERROR] /C:/Users/Anderson/Desktop/ComercialMoises/demo/src/main/java/com/comercialmoises/mappers/RolMapper.java:[12,88] cannot find symbol
[ERROR]   symbol:   method getEstado()
[ERROR]   location: variable rol of type com.comercialmoises.model.Rol
[ERROR] /C:/Users/Anderson/Desktop/ComercialMoises/demo/src/main/java/com/comercialmoises/mappers/RolMapper.java:[12,66] cannot find symbol
[ERROR]   symbol:   method getDescripcion()
[ERROR]   location: variable rol of type com.comercialmoises.model.Rol
[ERROR] /C:/Users/Anderson/Desktop/ComercialMoises/demo/src/main/java/com/comercialmoises/mappers/RolMapper.java:[12,46] cannot find symbol
[ERROR]   symbol:   method getNombreRol()
[ERROR]   location: variable rol of type com.comercialmoises.model.Rol
[ERROR] /C:/Users/Anderson/Desktop/ComercialMoises/demo/src/main/java/com/comercialmoises/mappers/RolMapper.java:[12,30] cannot find symbol
[ERROR]   symbol:   method getIdRol()
[ERROR]   location: variable rol of type com.comercialmoises.model.Rol
[ERROR] /C:/Users/Anderson/Desktop/ComercialMoises/demo/src/main/java/com/comercialmoises/mappers/RolMapper.java:[18,85] cannot find symbol
[ERROR]   symbol:   method getEstado()
[ERROR]   location: variable dto of type com.comercialmoises.dto.RolDTO
[ERROR] /C:/Users/Anderson/Desktop/ComercialMoises/demo/src/main/java/com/comercialmoises/mappers/RolMapper.java:[18,63] cannot find symbol
[ERROR]   symbol:   method getDescripcion()
[ERROR]   location: variable dto of type com.comercialmoises.dto.RolDTO
[ERROR] /C:/Users/Anderson/Desktop/ComercialMoises/demo/src/main/java/com/comercialmoises/mappers/RolMapper.java:[18,43] cannot find symbol
[ERROR]   symbol:   method getNombreRol()
[ERROR]   location: variable dto of type com.comercialmoises.dto.RolDTO
[ERROR] /C:/Users/Anderson/Desktop/ComercialMoises/demo/src/main/java/com/comercialmoises/mappers/RolMapper.java:[18,27] cannot find symbol
[ERROR]   symbol:   method getIdRol()
[ERROR]   location: variable dto of type com.comercialmoises.dto.RolDTO
[ERROR] /C:/Users/Anderson/Desktop/ComercialMoises/demo/src/main/java/com/comercialmoises/services/impl/CompraServiceImpl.java:[52,32] cannot find symbol
[ERROR]   symbol:   method getIdProveedor()
[ERROR]   location: variable dto of type com.comercialmoises.dto.CompraDTO
[ERROR] /C:/Users/Anderson/Desktop/ComercialMoises/demo/src/main/java/com/comercialmoises/services/impl/CompraServiceImpl.java:[53,15] cannot find symbol
[ERROR]   symbol:   method setProveedor(com.comercialmoises.model.Proveedor)
[ERROR]   location: variable compra of type com.comercialmoises.model.Compra
[ERROR] /C:/Users/Anderson/Desktop/ComercialMoises/demo/src/main/java/com/comercialmoises/services/impl/CompraServiceImpl.java:[55,29] cannot find symbol
[ERROR]   symbol:   method getIdUsuario()
[ERROR]   location: variable dto of type com.comercialmoises.dto.CompraDTO
[ERROR] /C:/Users/Anderson/Desktop/ComercialMoises/demo/src/main/java/com/comercialmoises/services/impl/CompraServiceImpl.java:[56,15] cannot find symbol
[ERROR]   symbol:   method setUsuario(com.comercialmoises.model.Usuario)
[ERROR]   location: variable compra of type com.comercialmoises.model.Compra
[ERROR] /C:/Users/Anderson/Desktop/ComercialMoises/demo/src/main/java/com/comercialmoises/services/impl/CompraServiceImpl.java:[57,38] cannot find symbol
[ERROR]   symbol:   method getTipoComprobante()
[ERROR]   location: variable dto of type com.comercialmoises.dto.CompraDTO
[ERROR] /C:/Users/Anderson/Desktop/ComercialMoises/demo/src/main/java/com/comercialmoises/services/impl/CompraServiceImpl.java:[58,28] cannot find symbol
[ERROR]   symbol:   method getSerie()
[ERROR]   location: variable dto of type com.comercialmoises.dto.CompraDTO
[ERROR] /C:/Users/Anderson/Desktop/ComercialMoises/demo/src/main/java/com/comercialmoises/services/impl/CompraServiceImpl.java:[59,40] cannot find symbol
[ERROR]   symbol:   method getNumeroComprobante()
[ERROR]   location: variable dto of type com.comercialmoises.dto.CompraDTO
[ERROR] /C:/Users/Anderson/Desktop/ComercialMoises/demo/src/main/java/com/comercialmoises/services/impl/CompraServiceImpl.java:[60,28] cannot find symbol
[ERROR]   symbol:   method getTotal()
[ERROR]   location: variable dto of type com.comercialmoises.dto.CompraDTO
[ERROR] /C:/Users/Anderson/Desktop/ComercialMoises/demo/src/main/java/com/comercialmoises/services/impl/CompraServiceImpl.java:[64,38] cannot find symbol
[ERROR]   symbol:   method getDetalles()
[ERROR]   location: variable dto of type com.comercialmoises.dto.CompraDTO
[ERROR] /C:/Users/Anderson/Desktop/ComercialMoises/demo/src/main/java/com/comercialmoises/services/impl/CompraServiceImpl.java:[66,19] cannot find symbol
[ERROR]   symbol:   method setCompra(com.comercialmoises.model.Compra)
[ERROR]   location: variable detail of type com.comercialmoises.model.DetalleCompra
[ERROR] /C:/Users/Anderson/Desktop/ComercialMoises/demo/src/main/java/com/comercialmoises/services/impl/CompraServiceImpl.java:[67,58] cannot find symbol
[ERROR]   symbol:   method getIdProducto()
[ERROR]   location: variable d of type com.comercialmoises.dto.DetalleCompraDTO
[ERROR] /C:/Users/Anderson/Desktop/ComercialMoises/demo/src/main/java/com/comercialmoises/services/impl/CompraServiceImpl.java:[69,19] cannot find symbol
[ERROR]   symbol:   method setProducto(com.comercialmoises.model.Producto)
[ERROR]   location: variable detail of type com.comercialmoises.model.DetalleCompra
[ERROR] /C:/Users/Anderson/Desktop/ComercialMoises/demo/src/main/java/com/comercialmoises/services/impl/CompraServiceImpl.java:[70,33] cannot find symbol
[ERROR]   symbol:   method getCantidad()
[ERROR]   location: variable d of type com.comercialmoises.dto.DetalleCompraDTO
[ERROR] /C:/Users/Anderson/Desktop/ComercialMoises/demo/src/main/java/com/comercialmoises/services/impl/CompraServiceImpl.java:[71,39] cannot find symbol
[ERROR]   symbol:   method getPrecioUnitario()
[ERROR]   location: variable d of type com.comercialmoises.dto.DetalleCompraDTO
[ERROR] /C:/Users/Anderson/Desktop/ComercialMoises/demo/src/main/java/com/comercialmoises/services/impl/CompraServiceImpl.java:[72,32] cannot find symbol
[ERROR]   symbol:   method getImporte()
[ERROR]   location: variable d of type com.comercialmoises.dto.DetalleCompraDTO
[ERROR] /C:/Users/Anderson/Desktop/ComercialMoises/demo/src/main/java/com/comercialmoises/services/impl/CompraServiceImpl.java:[76,37] cannot find symbol
[ERROR]   symbol:   method getStockActual()
[ERROR]   location: variable prod of type com.comercialmoises.model.Producto
[ERROR] /C:/Users/Anderson/Desktop/ComercialMoises/demo/src/main/java/com/comercialmoises/services/impl/CompraServiceImpl.java:[76,58] cannot find symbol
[ERROR]   symbol:   method getCantidad()
[ERROR]   location: variable d of type com.comercialmoises.dto.DetalleCompraDTO
[ERROR] /C:/Users/Anderson/Desktop/ComercialMoises/demo/src/main/java/com/comercialmoises/mappers/CompraMapper.java:[20,31] cannot find symbol
[ERROR]   symbol:   method getIdCompra()
[ERROR]   location: variable compra of type com.comercialmoises.model.Compra
[ERROR] /C:/Users/Anderson/Desktop/ComercialMoises/demo/src/main/java/com/comercialmoises/mappers/CompraMapper.java:[21,34] cannot find symbol
[ERROR]   symbol:   method getProveedor()
[ERROR]   location: variable compra of type com.comercialmoises.model.Compra
[ERROR] /C:/Users/Anderson/Desktop/ComercialMoises/demo/src/main/java/com/comercialmoises/mappers/CompraMapper.java:[22,43] cannot find symbol
[ERROR]   symbol:   method getProveedor()
[ERROR]   location: variable compra of type com.comercialmoises.model.Compra
[ERROR] /C:/Users/Anderson/Desktop/ComercialMoises/demo/src/main/java/com/comercialmoises/mappers/CompraMapper.java:[23,32] cannot find symbol
[ERROR]   symbol:   method getUsuario()
[ERROR]   location: variable compra of type com.comercialmoises.model.Compra
[ERROR] /C:/Users/Anderson/Desktop/ComercialMoises/demo/src/main/java/com/comercialmoises/mappers/CompraMapper.java:[24,36] cannot find symbol
[ERROR]   symbol:   method getUsuario()
[ERROR]   location: variable compra of type com.comercialmoises.model.Compra
[ERROR] /C:/Users/Anderson/Desktop/ComercialMoises/demo/src/main/java/com/comercialmoises/mappers/CompraMapper.java:[24,77] cannot find symbol
[ERROR]   symbol:   method getUsuario()
[ERROR]   location: variable compra of type com.comercialmoises.model.Compra
[ERROR] /C:/Users/Anderson/Desktop/ComercialMoises/demo/src/main/java/com/comercialmoises/mappers/CompraMapper.java:[25,34] cannot find symbol
[ERROR]   symbol:   method getFechaCompra()
[ERROR]   location: variable compra of type com.comercialmoises.model.Compra
[ERROR] /C:/Users/Anderson/Desktop/ComercialMoises/demo/src/main/java/com/comercialmoises/mappers/CompraMapper.java:[26,38] cannot find symbol
[ERROR]   symbol:   method getTipoComprobante()
[ERROR]   location: variable compra of type com.comercialmoises.model.Compra
[ERROR] /C:/Users/Anderson/Desktop/ComercialMoises/demo/src/main/java/com/comercialmoises/mappers/CompraMapper.java:[27,28] cannot find symbol
[ERROR]   symbol:   method getSerie()
[ERROR]   location: variable compra of type com.comercialmoises.model.Compra
[ERROR] /C:/Users/Anderson/Desktop/ComercialMoises/demo/src/main/java/com/comercialmoises/mappers/CompraMapper.java:[28,40] cannot find symbol
[ERROR]   symbol:   method getNumeroComprobante()
[ERROR]   location: variable compra of type com.comercialmoises.model.Compra
[ERROR] /C:/Users/Anderson/Desktop/ComercialMoises/demo/src/main/java/com/comercialmoises/mappers/CompraMapper.java:[29,31] cannot find symbol
[ERROR]   symbol:   method getSubTotal()
[ERROR]   location: variable compra of type com.comercialmoises.model.Compra
[ERROR] /C:/Users/Anderson/Desktop/ComercialMoises/demo/src/main/java/com/comercialmoises/mappers/CompraMapper.java:[30,26] cannot find symbol
[ERROR]   symbol:   method getIgv()
[ERROR]   location: variable compra of type com.comercialmoises.model.Compra
[ERROR] /C:/Users/Anderson/Desktop/ComercialMoises/demo/src/main/java/com/comercialmoises/mappers/CompraMapper.java:[31,28] cannot find symbol
[ERROR]   symbol:   method getTotal()
[ERROR]   location: variable compra of type com.comercialmoises.model.Compra
[ERROR] /C:/Users/Anderson/Desktop/ComercialMoises/demo/src/main/java/com/comercialmoises/mappers/CompraMapper.java:[32,29] cannot find symbol
[ERROR]   symbol:   method getEstado()
[ERROR]   location: variable compra of type com.comercialmoises.model.Compra
[ERROR] /C:/Users/Anderson/Desktop/ComercialMoises/demo/src/main/java/com/comercialmoises/mappers/CompraMapper.java:[45,24] cannot find symbol
[ERROR]   symbol:   method getImporte()
[ERROR]   location: variable detalle of type com.comercialmoises.model.DetalleCompra
[ERROR] /C:/Users/Anderson/Desktop/ComercialMoises/demo/src/main/java/com/comercialmoises/mappers/CompraMapper.java:[44,24] cannot find symbol
[ERROR]   symbol:   method getPrecioUnitario()
[ERROR]   location: variable detalle of type com.comercialmoises.model.DetalleCompra
[ERROR] /C:/Users/Anderson/Desktop/ComercialMoises/demo/src/main/java/com/comercialmoises/mappers/CompraMapper.java:[43,24] cannot find symbol
[ERROR]   symbol:   method getCantidad()
[ERROR]   location: variable detalle of type com.comercialmoises.model.DetalleCompra
[ERROR] /C:/Users/Anderson/Desktop/ComercialMoises/demo/src/main/java/com/comercialmoises/mappers/CompraMapper.java:[42,24] cannot find symbol
[ERROR]   symbol:   method getProducto()
[ERROR]   location: variable detalle of type com.comercialmoises.model.DetalleCompra
[ERROR] /C:/Users/Anderson/Desktop/ComercialMoises/demo/src/main/java/com/comercialmoises/mappers/CompraMapper.java:[41,24] cannot find symbol
[ERROR]   symbol:   method getProducto()
[ERROR]   location: variable detalle of type com.comercialmoises.model.DetalleCompra
[ERROR] /C:/Users/Anderson/Desktop/ComercialMoises/demo/src/main/java/com/comercialmoises/mappers/CompraMapper.java:[40,24] cannot find symbol
[ERROR]   symbol:   method getIdDetalleCompra()
[ERROR]   location: variable detalle of type com.comercialmoises.model.DetalleCompra
[ERROR] /C:/Users/Anderson/Desktop/ComercialMoises/demo/src/main/java/com/comercialmoises/services/impl/VentaServiceImpl.java:[47,29] cannot find symbol
[ERROR]   symbol:   method getIdCliente()
[ERROR]   location: variable dto of type com.comercialmoises.dto.VentaDTO
[ERROR] /C:/Users/Anderson/Desktop/ComercialMoises/demo/src/main/java/com/comercialmoises/services/impl/VentaServiceImpl.java:[48,14] cannot find symbol
[ERROR]   symbol:   method setCliente(com.comercialmoises.model.Cliente)
[ERROR]   location: variable venta of type com.comercialmoises.model.Venta
[ERROR] /C:/Users/Anderson/Desktop/ComercialMoises/demo/src/main/java/com/comercialmoises/services/impl/VentaServiceImpl.java:[50,29] cannot find symbol
[ERROR]   symbol:   method getIdUsuario()
[ERROR]   location: variable dto of type com.comercialmoises.dto.VentaDTO
[ERROR] /C:/Users/Anderson/Desktop/ComercialMoises/demo/src/main/java/com/comercialmoises/services/impl/VentaServiceImpl.java:[51,14] cannot find symbol
[ERROR]   symbol:   method setUsuario(com.comercialmoises.model.Usuario)
[ERROR]   location: variable venta of type com.comercialmoises.model.Venta
[ERROR] /C:/Users/Anderson/Desktop/ComercialMoises/demo/src/main/java/com/comercialmoises/services/impl/VentaServiceImpl.java:[52,37] cannot find symbol
[ERROR]   symbol:   method getTipoComprobante()
[ERROR]   location: variable dto of type com.comercialmoises.dto.VentaDTO
[ERROR] /C:/Users/Anderson/Desktop/ComercialMoises/demo/src/main/java/com/comercialmoises/services/impl/VentaServiceImpl.java:[53,27] cannot find symbol
[ERROR]   symbol:   method getSerie()
[ERROR]   location: variable dto of type com.comercialmoises.dto.VentaDTO
[ERROR] /C:/Users/Anderson/Desktop/ComercialMoises/demo/src/main/java/com/comercialmoises/services/impl/VentaServiceImpl.java:[54,39] cannot find symbol
[ERROR]   symbol:   method getNumeroComprobante()
[ERROR]   location: variable dto of type com.comercialmoises.dto.VentaDTO
[ERROR] /C:/Users/Anderson/Desktop/ComercialMoises/demo/src/main/java/com/comercialmoises/services/impl/VentaServiceImpl.java:[55,27] cannot find symbol
[ERROR]   symbol:   method getTotal()
[ERROR]   location: variable dto of type com.comercialmoises.dto.VentaDTO
[ERROR] /C:/Users/Anderson/Desktop/ComercialMoises/demo/src/main/java/com/comercialmoises/services/impl/VentaServiceImpl.java:[59,37] cannot find symbol
[ERROR]   symbol:   method getDetalles()
[ERROR]   location: variable dto of type com.comercialmoises.dto.VentaDTO
[ERROR] /C:/Users/Anderson/Desktop/ComercialMoises/demo/src/main/java/com/comercialmoises/services/impl/VentaServiceImpl.java:[61,19] cannot find symbol
[ERROR]   symbol:   method setVenta(com.comercialmoises.model.Venta)
[ERROR]   location: variable detail of type com.comercialmoises.model.DetalleVenta
[ERROR] /C:/Users/Anderson/Desktop/ComercialMoises/demo/src/main/java/com/comercialmoises/services/impl/VentaServiceImpl.java:[62,58] cannot find symbol
[ERROR]   symbol:   method getIdProducto()
[ERROR]   location: variable d of type com.comercialmoises.dto.DetalleVentaDTO
[ERROR] /C:/Users/Anderson/Desktop/ComercialMoises/demo/src/main/java/com/comercialmoises/services/impl/VentaServiceImpl.java:[64,19] cannot find symbol
[ERROR]   symbol:   method setProducto(com.comercialmoises.model.Producto)
[ERROR]   location: variable detail of type com.comercialmoises.model.DetalleVenta
[ERROR] /C:/Users/Anderson/Desktop/ComercialMoises/demo/src/main/java/com/comercialmoises/services/impl/VentaServiceImpl.java:[65,33] cannot find symbol
[ERROR]   symbol:   method getCantidad()
[ERROR]   location: variable d of type com.comercialmoises.dto.DetalleVentaDTO
[ERROR] /C:/Users/Anderson/Desktop/ComercialMoises/demo/src/main/java/com/comercialmoises/services/impl/VentaServiceImpl.java:[66,39] cannot find symbol
[ERROR]   symbol:   method getPrecioUnitario()
[ERROR]   location: variable d of type com.comercialmoises.dto.DetalleVentaDTO
[ERROR] /C:/Users/Anderson/Desktop/ComercialMoises/demo/src/main/java/com/comercialmoises/services/impl/VentaServiceImpl.java:[67,32] cannot find symbol
[ERROR]   symbol:   method getImporte()
[ERROR]   location: variable d of type com.comercialmoises.dto.DetalleVentaDTO
[ERROR] /C:/Users/Anderson/Desktop/ComercialMoises/demo/src/main/java/com/comercialmoises/services/impl/VentaServiceImpl.java:[71,37] cannot find symbol
[ERROR]   symbol:   method getStockActual()
[ERROR]   location: variable prod of type com.comercialmoises.model.Producto
[ERROR] /C:/Users/Anderson/Desktop/ComercialMoises/demo/src/main/java/com/comercialmoises/services/impl/VentaServiceImpl.java:[71,58] cannot find symbol
[ERROR]   symbol:   method getCantidad()
[ERROR]   location: variable d of type com.comercialmoises.dto.DetalleVentaDTO
[ERROR] /C:/Users/Anderson/Desktop/ComercialMoises/demo/src/main/java/com/comercialmoises/mappers/VentaMapper.java:[20,29] cannot find symbol
[ERROR]   symbol:   method getIdVenta()
[ERROR]   location: variable venta of type com.comercialmoises.model.Venta
[ERROR] /C:/Users/Anderson/Desktop/ComercialMoises/demo/src/main/java/com/comercialmoises/mappers/VentaMapper.java:[21,31] cannot find symbol
[ERROR]   symbol:   method getCliente()
[ERROR]   location: variable venta of type com.comercialmoises.model.Venta
[ERROR] /C:/Users/Anderson/Desktop/ComercialMoises/demo/src/main/java/com/comercialmoises/mappers/VentaMapper.java:[22,12] cannot find symbol
[ERROR]   symbol:   method setNombreCliente(venta.getC[...]ial())
[ERROR]   location: variable dto of type com.comercialmoises.dto.VentaDTO
[ERROR] /C:/Users/Anderson/Desktop/ComercialMoises/demo/src/main/java/com/comercialmoises/mappers/VentaMapper.java:[22,35] cannot find symbol
[ERROR]   symbol:   method getCliente()
[ERROR]   location: variable venta of type com.comercialmoises.model.Venta
[ERROR] /C:/Users/Anderson/Desktop/ComercialMoises/demo/src/main/java/com/comercialmoises/mappers/VentaMapper.java:[23,24] cannot find symbol
[ERROR]   symbol:   method getCliente()
[ERROR]   location: variable venta of type com.comercialmoises.model.Venta
[ERROR] /C:/Users/Anderson/Desktop/ComercialMoises/demo/src/main/java/com/comercialmoises/mappers/VentaMapper.java:[23,64] cannot find symbol
[ERROR]   symbol:   method getCliente()
[ERROR]   location: variable venta of type com.comercialmoises.model.Venta
[ERROR] /C:/Users/Anderson/Desktop/ComercialMoises/demo/src/main/java/com/comercialmoises/mappers/VentaMapper.java:[24,24] cannot find symbol
[ERROR]   symbol:   method getCliente()
[ERROR]   location: variable venta of type com.comercialmoises.model.Venta
[ERROR] -> [Help 1]
[ERROR] 
[ERROR] To see the full stack trace of the errors, re-run Maven with the -e switch.
[ERROR] Re-run Maven using the -X switch to enable full debug logging.
[ERROR] 
[ERROR] For more information about the errors and possible solutions, please read the following articles:
[ERROR] [Help 1] http://cwiki.apache.org/confluence/display/MAVEN/MojoFailureException
