[INFO] Scanning for projects...
[INFO] 
[INFO] --------------------< com.comercialmoises:backend >---------------------
[INFO] Building ComercialMoises 0.0.1-SNAPSHOT
[INFO]   from pom.xml
[INFO] --------------------------------[ jar ]---------------------------------
[INFO] 
[INFO] --- enforcer:3.4.1:enforce (enforce-java) @ backend ---
[INFO] Rule 0: org.apache.maven.enforcer.rules.version.RequireJavaVersion passed
[INFO] 
[INFO] --- jacoco:0.8.11:prepare-agent (default) @ backend ---
[INFO] argLine set to -javaagent:C:\\Users\\Anderson\\.m2\\repository\\org\\jacoco\\org.jacoco.agent\\0.8.11\\org.jacoco.agent-0.8.11-runtime.jar=destfile=C:\\Users\\Anderson\\Desktop\\ComercialMoises\\demo\\target\\jacoco.exec
[INFO] 
[INFO] --- resources:3.3.1:resources (default-resources) @ backend ---
[INFO] Copying 1 resource from src\main\resources to target\classes
[INFO] Copying 0 resource from src\main\resources to target\classes
[INFO] 
[INFO] --- compiler:3.11.0:compile (default-compile) @ backend ---
[INFO] Nothing to compile - all classes are up to date
[INFO] 
[INFO] --- resources:3.3.1:testResources (default-testResources) @ backend ---
[INFO] Copying 2 resources from src\test\resources to target\test-classes
[INFO] 
[INFO] --- compiler:3.11.0:testCompile (default-testCompile) @ backend ---
[INFO] Nothing to compile - all classes are up to date
[INFO] 
[INFO] --- surefire:3.1.2:test (default-test) @ backend ---
[INFO] Using auto detected provider org.apache.maven.surefire.junitplatform.JUnitPlatformProvider
[INFO] 
[INFO] -------------------------------------------------------
[INFO]  T E S T S
[INFO] -------------------------------------------------------
[INFO] Running com.comercialmoises.controller.AuthControllerIntegrationTest
23:00:13.628 [main] INFO org.springframework.test.context.support.AnnotationConfigContextLoaderUtils -- Could not detect default configuration classes for test class [com.comercialmoises.controller.AuthControllerIntegrationTest]: AuthControllerIntegrationTest does not declare any static, non-private, non-final, nested classes annotated with @Configuration.
23:00:13.860 [main] INFO org.springframework.boot.test.context.SpringBootTestContextBootstrapper -- Found @SpringBootConfiguration com.comercialmoises.ComercialMoisesApplication for test class com.comercialmoises.controller.AuthControllerIntegrationTest

  .   ____          _            __ _ _
 /\\ / ___'_ __ _ _(_)_ __  __ _ \ \ \ \
( ( )\___ | '_ | '_| | '_ \/ _` | \ \ \ \
 \\/  ___)| |_)| | | | | || (_| |  ) ) ) )
  '  |____| .__|_| |_|_| |_\__, | / / / /
 =========|_|==============|___/=/_/_/_/
 :: Spring Boot ::                (v3.2.5)

2026-04-09T23:00:14.628-05:00  INFO 18060 --- [ComercialMoises] [           main] c.c.c.AuthControllerIntegrationTest      : Starting AuthControllerIntegrationTest using Java 21.0.7 with PID 18060 (started by Anderson in C:\Users\Anderson\Desktop\ComercialMoises\demo)
2026-04-09T23:00:14.630-05:00  INFO 18060 --- [ComercialMoises] [           main] c.c.c.AuthControllerIntegrationTest      : The following 1 profile is active: "test"
2026-04-09T23:00:16.774-05:00  INFO 18060 --- [ComercialMoises] [           main] .s.d.r.c.RepositoryConfigurationDelegate : Bootstrapping Spring Data JPA repositories in DEFAULT mode.
2026-04-09T23:00:16.978-05:00  INFO 18060 --- [ComercialMoises] [           main] .s.d.r.c.RepositoryConfigurationDelegate : Finished Spring Data repository scanning in 192 ms. Found 23 JPA repository interfaces.
2026-04-09T23:00:17.721-05:00  INFO 18060 --- [ComercialMoises] [           main] o.hibernate.jpa.internal.util.LogHelper  : HHH000204: Processing PersistenceUnitInfo [name: default]
2026-04-09T23:00:17.821-05:00  INFO 18060 --- [ComercialMoises] [           main] org.hibernate.Version                    : HHH000412: Hibernate ORM core version 6.4.4.Final
2026-04-09T23:00:17.876-05:00  INFO 18060 --- [ComercialMoises] [           main] o.h.c.internal.RegionFactoryInitiator    : HHH000026: Second-level cache disabled
2026-04-09T23:00:18.275-05:00  INFO 18060 --- [ComercialMoises] [           main] o.s.o.j.p.SpringPersistenceUnitInfo      : No LoadTimeWeaver setup: ignoring JPA class transformer
2026-04-09T23:00:18.321-05:00  INFO 18060 --- [ComercialMoises] [           main] com.zaxxer.hikari.HikariDataSource       : HikariPool-1 - Starting...
2026-04-09T23:00:18.849-05:00  INFO 18060 --- [ComercialMoises] [           main] com.zaxxer.hikari.pool.HikariPool        : HikariPool-1 - Added connection conn0: url=jdbc:h2:mem:testdb user=SA
2026-04-09T23:00:18.851-05:00  INFO 18060 --- [ComercialMoises] [           main] com.zaxxer.hikari.HikariDataSource       : HikariPool-1 - Start completed.
2026-04-09T23:00:18.901-05:00  WARN 18060 --- [ComercialMoises] [           main] org.hibernate.orm.deprecation            : HHH90000025: H2Dialect does not need to be specified explicitly using 'hibernate.dialect' (remove the property setting and it will be selected by default)
2026-04-09T23:00:20.931-05:00  INFO 18060 --- [ComercialMoises] [           main] o.h.e.t.j.p.i.JtaPlatformInitiator       : HHH000489: No JTA platform available (set 'hibernate.transaction.jta.platform' to enable JTA platform integration)
2026-04-09T23:00:20.935-05:00  INFO 18060 --- [ComercialMoises] [           main] j.LocalContainerEntityManagerFactoryBean : Initialized JPA EntityManagerFactory for persistence unit 'default'
2026-04-09T23:00:21.770-05:00  INFO 18060 --- [ComercialMoises] [           main] o.s.d.j.r.query.QueryEnhancerFactory     : Hibernate is in classpath; If applicable, HQL parser will be used.
2026-04-09T23:00:22.815-05:00  WARN 18060 --- [ComercialMoises] [           main] JpaBaseConfiguration$JpaWebConfiguration : spring.jpa.open-in-view is enabled by default. Therefore, database queries may be performed during view rendering. Explicitly configure spring.jpa.open-in-view to disable this warning
2026-04-09T23:00:23.294-05:00  INFO 18060 --- [ComercialMoises] [           main] o.s.s.web.DefaultSecurityFilterChain     : Will secure any request with [org.springframework.security.web.session.DisableEncodeUrlFilter@37d30b90, org.springframework.security.web.context.request.async.WebAsyncManagerIntegrationFilter@4cef8260, org.springframework.security.web.context.SecurityContextHolderFilter@552e7687, org.springframework.security.web.header.HeaderWriterFilter@c7c82b0, org.springframework.web.filter.CorsFilter@4fc72d52, org.springframework.security.web.authentication.logout.LogoutFilter@4dec78bf, com.comercialmoises.security.JwtRequestFilter@1b51db3b, org.springframework.security.web.savedrequest.RequestCacheAwareFilter@639cbc6e, org.springframework.security.web.servletapi.SecurityContextHolderAwareRequestFilter@679089be, org.springframework.security.web.authentication.AnonymousAuthenticationFilter@2f55ab41, org.springframework.security.web.session.SessionManagementFilter@71bd3b47, org.springframework.security.web.access.ExceptionTranslationFilter@453fd459, org.springframework.security.web.access.intercept.AuthorizationFilter@710148d2]
2026-04-09T23:00:23.899-05:00  INFO 18060 --- [ComercialMoises] [           main] o.s.b.t.m.w.SpringBootMockServletContext : Initializing Spring TestDispatcherServlet ''
2026-04-09T23:00:23.899-05:00  INFO 18060 --- [ComercialMoises] [           main] o.s.t.web.servlet.TestDispatcherServlet  : Initializing Servlet ''
2026-04-09T23:00:23.900-05:00  INFO 18060 --- [ComercialMoises] [           main] o.s.t.web.servlet.TestDispatcherServlet  : Completed initialization in 1 ms
2026-04-09T23:00:23.929-05:00  INFO 18060 --- [ComercialMoises] [           main] c.c.c.AuthControllerIntegrationTest      : Started AuthControllerIntegrationTest in 9.747 seconds (process running for 11.592)
./mvnw : WARNING: A Java agent has been loaded dynamically 
(C:\Users\Anderson\.m2\repository\net\bytebuddy\byte-buddy-agent\1.14.13\byte-buddy-agent-1.14.13.jar)
En línea: 1 Carácter: 1
+ ./mvnw test -Dtest=AuthControllerIntegrationTest > test_output.log 2> ...
+ ~~~~~~~~~~~~~~~~~~~~~~~~~~~~~~~~~~~~~~~~~~~~~~~~~~~~~~~~~~~~~~~~~~~~~
    + CategoryInfo          : NotSpecified: (WARNING: A Java...nt-1.14.13.jar):String) [], RemoteException
    + FullyQualifiedErrorId : NativeCommandError
 
WARNING: If a serviceability tool is in use, please run with -XX:+EnableDynamicAgentLoading to hide this warning
WARNING: If a serviceability tool is not in use, please run with -Djdk.instrument.traceUsage for more information
WARNING: Dynamic loading of agents will be disallowed by default in a future release
Java HotSpot(TM) 64-Bit Server VM warning: Sharing is only supported for boot loader classes because bootstrap 
classpath has been appended
Hibernate: 
    select
        u1_0.IdUsuario,
        u1_0.Apellidos,
        u1_0.Correo,
        u1_0.DNI,
        u1_0.Estado,
        u1_0.FechaRegistro,
        u1_0.Nombres,
        u1_0.PasswordHash,
        u1_0.IdRol,
        u1_0.Username 
    from
        Usuario u1_0
Hibernate: 
    select
        r1_0.IdRol,
        r1_0.Descripcion,
        r1_0.Estado,
        r1_0.NombreRol 
    from
        Rol r1_0
Hibernate: 
    insert 
    into
        Rol
        (Descripcion, Estado, NombreRol, IdRol) 
    values
        (?, ?, ?, default)
Hibernate: 
    insert 
    into
        Usuario
        (Apellidos, Correo, DNI, Estado, FechaRegistro, Nombres, PasswordHash, IdRol, Username, IdUsuario) 
    values
        (?, ?, ?, ?, ?, ?, ?, ?, ?, default)
DEBUG: Recibida peticion de autenticacion para: testuser
2026-04-09T23:00:24.953-05:00  INFO 18060 --- [ComercialMoises] [           main] c.c.security.CustomUserDetailsService    : Intento de login para usuario: testuser
Hibernate: 
    select
        u1_0.IdUsuario,
        u1_0.Apellidos,
        u1_0.Correo,
        u1_0.DNI,
        u1_0.Estado,
        u1_0.FechaRegistro,
        u1_0.Nombres,
        u1_0.PasswordHash,
        u1_0.IdRol,
        u1_0.Username 
    from
        Usuario u1_0 
    where
        u1_0.Username=?
Hibernate: 
    select
        r1_0.IdRol,
        r1_0.Descripcion,
        r1_0.Estado,
        r1_0.NombreRol 
    from
        Rol r1_0 
    where
        r1_0.IdRol=?
2026-04-09T23:00:24.987-05:00  INFO 18060 --- [ComercialMoises] [           main] c.c.security.CustomUserDetailsService    : Usuario encontrado: testuser, Estado: true, Rol: ROLE_ADMIN
DEBUG: Autenticacion exitosa para: testuser
2026-04-09T23:00:24.989-05:00  INFO 18060 --- [ComercialMoises] [           main] c.c.security.CustomUserDetailsService    : Intento de login para usuario: testuser
Hibernate: 
    select
        u1_0.IdUsuario,
        u1_0.Apellidos,
        u1_0.Correo,
        u1_0.DNI,
        u1_0.Estado,
        u1_0.FechaRegistro,
        u1_0.Nombres,
        u1_0.PasswordHash,
        u1_0.IdRol,
        u1_0.Username 
    from
        Usuario u1_0 
    where
        u1_0.Username=?
2026-04-09T23:00:24.992-05:00  INFO 18060 --- [ComercialMoises] [           main] c.c.security.CustomUserDetailsService    : Usuario encontrado: testuser, Estado: true, Rol: ROLE_ADMIN
Hibernate: 
    select
        u1_0.IdUsuario,
        u1_0.Apellidos,
        u1_0.Correo,
        u1_0.DNI,
        u1_0.Estado,
        u1_0.FechaRegistro,
        u1_0.Nombres,
        u1_0.PasswordHash,
        u1_0.IdRol,
        u1_0.Username 
    from
        Usuario u1_0 
    where
        u1_0.Username=?
Hibernate: 
    insert 
    into
        refresh_token
        (expiryDate, token, usuario_id, id) 
    values
        (?, ?, ?, default)
2026-04-09T23:00:25.039-05:00  WARN 18060 --- [ComercialMoises] [           main] o.h.engine.jdbc.spi.SqlExceptionHelper   : SQL Error: 42122, SQLState: 42S22
2026-04-09T23:00:25.039-05:00 ERROR 18060 --- [ComercialMoises] [           main] o.h.engine.jdbc.spi.SqlExceptionHelper   : Columna "EXPIRYDATE" no encontrada
Column "EXPIRYDATE" not found; SQL statement:
insert into refresh_token (expiryDate,token,usuario_id,id) values (?,?,?,default) [42122-224]

MockHttpServletRequest:
      HTTP Method = POST
      Request URI = /authenticate
       Parameters = {}
          Headers = [Content-Type:"application/json;charset=UTF-8", Content-Length:"45"]
             Body = {"username":"testuser","password":"password"}
    Session Attrs = {}

Handler:
             Type = com.comercialmoises.controller.AuthController
           Method = com.comercialmoises.controller.AuthController#createAuthenticationToken(AuthRequest)

Async:
    Async started = false
     Async result = null

Resolved Exception:
             Type = org.springframework.dao.InvalidDataAccessResourceUsageException

ModelAndView:
        View name = null
             View = null
            Model = null

FlashMap:
       Attributes = null

MockHttpServletResponse:
           Status = 500
    Error message = null
          Headers = [Vary:"Origin", "Access-Control-Request-Method", "Access-Control-Request-Headers", Content-Type:"application/json", X-Content-Type-Options:"nosniff", X-XSS-Protection:"0", Cache-Control:"no-cache, no-store, max-age=0, must-revalidate", Pragma:"no-cache", Expires:"0", X-Frame-Options:"DENY"]
     Content type = application/json
             Body = {"message":"An unexpected error occurred: could not prepare statement [Columna \"EXPIRYDATE\" no encontrada\nColumn \"EXPIRYDATE\" not found; SQL statement:\ninsert into refresh_token (expiryDate,token,usuario_id,id) values (?,?,?,default) [42122-224]] [insert into refresh_token (expiryDate,token,usuario_id,id) values (?,?,?,default)]; SQL [insert into refresh_token (expiryDate,token,usuario_id,id) values (?,?,?,default)]","timestamp":"2026-04-09T23:00:25.0511687","status":500}
    Forwarded URL = null
   Redirected URL = null
          Cookies = []

MockHttpServletRequest:
      HTTP Method = POST
      Request URI = /authenticate
       Parameters = {}
          Headers = [Content-Type:"application/json;charset=UTF-8", Content-Length:"45"]
             Body = {"username":"testuser","password":"password"}
    Session Attrs = {}

Handler:
             Type = com.comercialmoises.controller.AuthController
           Method = com.comercialmoises.controller.AuthController#createAuthenticationToken(AuthRequest)

Async:
    Async started = false
     Async result = null

Resolved Exception:
             Type = org.springframework.dao.InvalidDataAccessResourceUsageException

ModelAndView:
        View name = null
             View = null
            Model = null

FlashMap:
       Attributes = null

MockHttpServletResponse:
           Status = 500
    Error message = null
          Headers = [Vary:"Origin", "Access-Control-Request-Method", "Access-Control-Request-Headers", Content-Type:"application/json", X-Content-Type-Options:"nosniff", X-XSS-Protection:"0", Cache-Control:"no-cache, no-store, max-age=0, must-revalidate", Pragma:"no-cache", Expires:"0", X-Frame-Options:"DENY"]
     Content type = application/json
             Body = {"message":"An unexpected error occurred: could not prepare statement [Columna \"EXPIRYDATE\" no encontrada\nColumn \"EXPIRYDATE\" not found; SQL statement:\ninsert into refresh_token (expiryDate,token,usuario_id,id) values (?,?,?,default) [42122-224]] [insert into refresh_token (expiryDate,token,usuario_id,id) values (?,?,?,default)]; SQL [insert into refresh_token (expiryDate,token,usuario_id,id) values (?,?,?,default)]","timestamp":"2026-04-09T23:00:25.0511687","status":500}
    Forwarded URL = null
   Redirected URL = null
          Cookies = []
Hibernate: 
    select
        u1_0.IdUsuario,
        u1_0.Apellidos,
        u1_0.Correo,
        u1_0.DNI,
        u1_0.Estado,
        u1_0.FechaRegistro,
        u1_0.Nombres,
        u1_0.PasswordHash,
        u1_0.IdRol,
        u1_0.Username 
    from
        Usuario u1_0
Hibernate: 
    select
        r1_0.IdRol,
        r1_0.Descripcion,
        r1_0.Estado,
        r1_0.NombreRol 
    from
        Rol r1_0 
    where
        r1_0.IdRol=?
Hibernate: 
    delete 
    from
        Usuario 
    where
        IdUsuario=?
Hibernate: 
    select
        r1_0.IdRol,
        r1_0.Descripcion,
        r1_0.Estado,
        r1_0.NombreRol 
    from
        Rol r1_0
Hibernate: 
    delete 
    from
        Rol 
    where
        IdRol=?
Hibernate: 
    insert 
    into
        Rol
        (Descripcion, Estado, NombreRol, IdRol) 
    values
        (?, ?, ?, default)
Hibernate: 
    insert 
    into
        Usuario
        (Apellidos, Correo, DNI, Estado, FechaRegistro, Nombres, PasswordHash, IdRol, Username, IdUsuario) 
    values
        (?, ?, ?, ?, ?, ?, ?, ?, ?, default)
DEBUG: Recibida peticion de autenticacion para: testuser
2026-04-09T23:00:25.137-05:00  INFO 18060 --- [ComercialMoises] [           main] c.c.security.CustomUserDetailsService    : Intento de login para usuario: testuser
Hibernate: 
    select
        u1_0.IdUsuario,
        u1_0.Apellidos,
        u1_0.Correo,
        u1_0.DNI,
        u1_0.Estado,
        u1_0.FechaRegistro,
        u1_0.Nombres,
        u1_0.PasswordHash,
        u1_0.IdRol,
        u1_0.Username 
    from
        Usuario u1_0 
    where
        u1_0.Username=?
Hibernate: 
    select
        r1_0.IdRol,
        r1_0.Descripcion,
        r1_0.Estado,
        r1_0.NombreRol 
    from
        Rol r1_0 
    where
        r1_0.IdRol=?
2026-04-09T23:00:25.140-05:00  INFO 18060 --- [ComercialMoises] [           main] c.c.security.CustomUserDetailsService    : Usuario encontrado: testuser, Estado: true, Rol: ROLE_ADMIN
DEBUG: Credenciales incorrectas para: testuser
[ERROR] Tests run: 2, Failures: 1, Errors: 0, Skipped: 0, Time elapsed: 11.82 s <<< FAILURE! -- in com.comercialmoises.controller.AuthControllerIntegrationTest
[ERROR] com.comercialmoises.controller.AuthControllerIntegrationTest.testAuthenticate -- Time elapsed: 1.145 s <<< FAILURE!
java.lang.AssertionError: Status expected:<200> but was:<500>
	at org.springframework.test.util.AssertionErrors.fail(AssertionErrors.java:59)
	at org.springframework.test.util.AssertionErrors.assertEquals(AssertionErrors.java:122)
	at org.springframework.test.web.servlet.result.StatusResultMatchers.lambda$matcher$9(StatusResultMatchers.java:637)
	at org.springframework.test.web.servlet.MockMvc$1.andExpect(MockMvc.java:214)
	at com.comercialmoises.controller.AuthControllerIntegrationTest.testAuthenticate(AuthControllerIntegrationTest.java:68)
	at java.base/java.lang.reflect.Method.invoke(Method.java:580)
	at java.base/java.util.ArrayList.forEach(ArrayList.java:1596)
	at java.base/java.util.ArrayList.forEach(ArrayList.java:1596)

[INFO] 
[INFO] Results:
[INFO] 
[ERROR] Failures: 
[ERROR]   AuthControllerIntegrationTest.testAuthenticate:68 Status expected:<200> but was:<500>
[INFO] 
[ERROR] Tests run: 2, Failures: 1, Errors: 0, Skipped: 0
[INFO] 
[INFO] ------------------------------------------------------------------------
[INFO] BUILD FAILURE
[INFO] ------------------------------------------------------------------------
[INFO] Total time:  15.035 s
[INFO] Finished at: 2026-04-09T23:00:25-05:00
[INFO] ------------------------------------------------------------------------
[ERROR] Failed to execute goal org.apache.maven.plugins:maven-surefire-plugin:3.1.2:test (default-test) on project backend: There are test failures.
[ERROR] 
[ERROR] Please refer to C:\Users\Anderson\Desktop\ComercialMoises\demo\target\surefire-reports for the individual test results.
[ERROR] Please refer to dump files (if any exist) [date].dump, [date]-jvmRun[N].dump and [date].dumpstream.
[ERROR] -> [Help 1]
[ERROR] 
[ERROR] To see the full stack trace of the errors, re-run Maven with the -e switch.
[ERROR] Re-run Maven using the -X switch to enable full debug logging.
[ERROR] 
[ERROR] For more information about the errors and possible solutions, please read the following articles:
[ERROR] [Help 1] http://cwiki.apache.org/confluence/display/MAVEN/MojoFailureException
